tEDAx v1
begin netlist v1 netlist

	footprint U100 DIP14
	device U100 7400
	value U100 

	footprint U200 DIP14
	device U200 7404
	value U200 

	footprint U300 DIP14
	device U300 7404
	value U300 

	footprint F1 UNKNOWN
	device F1 FUSE
	value F1 

	conn one U100 3
	conn one U200 1
	conn one U300 1
	conn one F1 1

	conn Vcc U100 14
	conn Vcc U200 14
	conn Vcc U300 14

	conn GND U100 7
	conn GND U200 7
	conn GND U300 7

	conn netattrib U100 5
	conn netattrib U200 2

	conn unnamed_net1 U300 2

end netlist
